Sketch uses 294896 bytes (14%) of program storage space. Maximum is 1966080 bytes.
Global variables use 77176 bytes (14%) of dynamic memory, leaving 446448 bytes for local variables. Maximum is 523624 bytes.
